node.exe : X [ERROR] 
"@vitejs/plugin-react" 
resolved to an ESM file. 
ESM file cannot be loaded 
by `require`. See https://
vite.dev/guide/troubleshoo
ting.html#this-package-is-
esm-only for more 
details. [plugin 
externalize-deps]
At line:1 char:1
+ & "C:\Program 
Files\nodejs/node.exe" 
"C:\Program 
Files\nodejs/node_mo ...
+ ~~~~~~~~~~~~~~~~~~~~~~~~
~~~~~~~~~~~~~~~~~~~~~~~~~~
~~~~~~~~~~~~~~~~~~~
    + CategoryInfo        
      : NotSpecified: (X  
   [ERROR] "@vit...tern   
 alize-deps]:String) [    
], RemoteException
    + FullyQualifiedError 
   Id : NativeCommandErr  
  or
 

    node_modules/esbuild/l
ib/main.js:1225:27:
      1225 Γöé         
let result = await 
callback({
           Γò╡            
                ^

    at file:///C:/Users/tu
sha.TUSHAR/OneDrive/Deskto
p/Tushar/Projects/TerraAle
rtum/TerraAlterum/node_mod
ules/vite/dist/node/chunks
/dep-BK3b2jBa.js:66928:23
    at requestCallbacks.on
-resolve (C:\Users\tusha.T
USHAR\OneDrive\Desktop\Tus
har\Projects\TerraAlertum\
TerraAlterum\node_modules\
esbuild\lib\main.js:1225:2
8)
    at handleRequest (C:\U
sers\tusha.TUSHAR\OneDrive
\Desktop\Tushar\Projects\T
erraAlertum\TerraAlterum\n
ode_modules\esbuild\lib\ma
in.js:647:17)
    at 
handleIncomingPacket (C:\U
sers\tusha.TUSHAR\OneDrive
\Desktop\Tushar\Projects\T
erraAlertum\TerraAlterum\n
ode_modules\esbuild\lib\ma
in.js:672:7)
    at 
Socket.readFromStdout (C:\
Users\tusha.TUSHAR\OneDriv
e\Desktop\Tushar\Projects\
TerraAlertum\TerraAlterum\
node_modules\esbuild\lib\m
ain.js:600:7)
    at Socket.emit 
(node:events:519:28)
    at addChunk (node:inte
rnal/streams/readable:561:
12)
    at readableAddChunkPus
hByteMode (node:internal/s
treams/readable:512:3)
    at Readable.push (node
:internal/streams/readable
:392:5)
    at Pipe.onStreamRead (
node:internal/stream_base_
commons:189:23)

  This error came from 
the "onResolve" callback 
registered here:

    node_modules/esbuild/l
ib/main.js:1150:20:
      1150 Γöé       let 
promise = setup({
           Γò╡            
         ^

    at setup (file:///C:/U
sers/tusha.TUSHAR/OneDrive
/Desktop/Tushar/Projects/T
erraAlertum/TerraAlterum/n
ode_modules/vite/dist/node
/chunks/dep-BK3b2jBa.js:66
890:18)
    at handlePlugins (C:\U
sers\tusha.TUSHAR\OneDrive
\Desktop\Tushar\Projects\T
erraAlertum\TerraAlterum\n
ode_modules\esbuild\lib\ma
in.js:1150:21)
    at buildOrContextImpl 
(C:\Users\tusha.TUSHAR\One
Drive\Desktop\Tushar\Proje
cts\TerraAlertum\TerraAlte
rum\node_modules\esbuild\l
ib\main.js:873:5)
    at 
Object.buildOrContext (C:\
Users\tusha.TUSHAR\OneDriv
e\Desktop\Tushar\Projects\
TerraAlertum\TerraAlterum\
node_modules\esbuild\lib\m
ain.js:699:5)
    at C:\Users\tusha.TUSH
AR\OneDrive\Desktop\Tushar
\Projects\TerraAlertum\Ter
raAlterum\node_modules\esb
uild\lib\main.js:2023:15
    at new Promise 
(<anonymous>)
    at Object.build (C:\Us
ers\tusha.TUSHAR\OneDrive\
Desktop\Tushar\Projects\Te
rraAlertum\TerraAlterum\no
de_modules\esbuild\lib\mai
n.js:2022:25)
    at build (C:\Users\tus
ha.TUSHAR\OneDrive\Desktop
\Tushar\Projects\TerraAler
tum\TerraAlterum\node_modu
les\esbuild\lib\main.js:18
73:51)
    at bundleConfigFile (f
ile:///C:/Users/tusha.TUSH
AR/OneDrive/Desktop/Tushar
/Projects/TerraAlertum/Ter
raAlterum/node_modules/vit
e/dist/node/chunks/dep-BK3
b2jBa.js:66845:24)

  The plugin 
"externalize-deps" was 
triggered by this import

    vite.config.js:2:18:
      2 Γöé import react 
from 
'@vitejs/plugin-react';
        Γò╡               
    ~~~~~~~~~~~~~~~~~~~~~~

[31mfailed to load 
config from C:\Users\tusha
.TUSHAR\OneDrive\Desktop\T
ushar\Projects\TerraAlertu
m\TerraAlterum\vite.config
.js[39m
[31merror during build:
Error: Build failed with 
1 error:
node_modules/esbuild/lib/m
ain.js:1225:27: ERROR: 
[plugin: 
externalize-deps] 
"@vitejs/plugin-react" 
resolved to an ESM file. 
ESM file cannot be loaded 
by `require`. See https://
vite.dev/guide/troubleshoo
ting.html#this-package-is-
esm-only for more details.
    at 
failureErrorWithLog (C:\Us
ers\tusha.TUSHAR\OneDrive\
Desktop\Tushar\Projects\Te
rraAlertum\TerraAlterum\no
de_modules\esbuild\lib\mai
n.js:1472:15)
    at C:\Users\tusha.TUSH
AR\OneDrive\Desktop\Tushar
\Projects\TerraAlertum\Ter
raAlterum\node_modules\esb
uild\lib\main.js:945:25
    at runOnEndCallbacks (
C:\Users\tusha.TUSHAR\OneD
rive\Desktop\Tushar\Projec
ts\TerraAlertum\TerraAlter
um\node_modules\esbuild\li
b\main.js:1315:45)
    at 
buildResponseToResult (C:\
Users\tusha.TUSHAR\OneDriv
e\Desktop\Tushar\Projects\
TerraAlertum\TerraAlterum\
node_modules\esbuild\lib\m
ain.js:943:7)
    at C:\Users\tusha.TUSH
AR\OneDrive\Desktop\Tushar
\Projects\TerraAlertum\Ter
raAlterum\node_modules\esb
uild\lib\main.js:970:16
    at responseCallbacks.<
computed> (C:\Users\tusha.
TUSHAR\OneDrive\Desktop\Tu
shar\Projects\TerraAlertum
\TerraAlterum\node_modules
\esbuild\lib\main.js:622:9
)
    at 
handleIncomingPacket (C:\U
sers\tusha.TUSHAR\OneDrive
\Desktop\Tushar\Projects\T
erraAlertum\TerraAlterum\n
ode_modules\esbuild\lib\ma
in.js:677:12)
    at 
Socket.readFromStdout (C:\
Users\tusha.TUSHAR\OneDriv
e\Desktop\Tushar\Projects\
TerraAlertum\TerraAlterum\
node_modules\esbuild\lib\m
ain.js:600:7)
    at Socket.emit 
(node:events:519:28)
    at addChunk (node:inte
rnal/streams/readable:561:
12)[39m
